// Jest Snapshot v1, https://goo.gl/fbAQLP

exports[`should render itself 1`] = `
<RequestPasswordForm
  flashMessages={[]}
  providerLoginPath="login-path"
  providerPasswordPath="password-path"
>
  <Form
    acceptCharset="UTF-8"
    action="password-path"
    id="request_password"
    method="post"
    noValidate={true}
  >
    <FormBase
      acceptCharset="UTF-8"
      action="password-path"
      id="request_password"
      innerRef={null}
      method="post"
      noValidate={true}
    >
      <form
        acceptCharset="UTF-8"
        action="password-path"
        className="pf-c-form"
        id="request_password"
        method="post"
        noValidate={true}
      >
        <HiddenInputs
          isPasswordReset={true}
        >
          <input
            name="utf8"
            type="hidden"
            value="âœ“"
          />
          <input
            name="_method"
            type="hidden"
            value="delete"
          />
          <CSRFToken>
            <input
              name="mocked-csrf-param"
              type="hidden"
              value="mocked-csrf-token"
            />
          </CSRFToken>
        </HiddenInputs>
        <EmailField
          inputProps={
            {
              "autoFocus": true,
              "fieldId": "email",
              "isRequired": true,
              "isValid": undefined,
              "label": "Email address",
              "name": "email",
              "onChange": [Function],
              "value": "",
            }
          }
        >
          <FormGroup
            helperTextInvalid="A valid email address is mandatory"
            inputProps={
              {
                "autoFocus": true,
                "fieldId": "email",
                "isRequired": true,
                "isValid": undefined,
                "label": "Email address",
                "name": "email",
                "onChange": [Function],
                "value": "",
              }
            }
            type="email"
          >
            <FormGroup
              autoComplete="off"
              fieldId="email"
              helperTextInvalid="A valid email address is mandatory"
              isRequired={true}
              label="Email address"
              validated="default"
            >
              <GenerateId
                prefix="pf-random-id-"
              >
                <div
                  autoComplete="off"
                  className="pf-c-form__group"
                >
                  <div
                    className="pf-c-form__group-label"
                  >
                    <label
                      className="pf-c-form__label"
                      htmlFor="email"
                    >
                      <span
                        className="pf-c-form__label-text"
                      >
                        Email address
                      </span>
                      <span
                        aria-hidden="true"
                        className="pf-c-form__label-required"
                      >
                         
                        *
                      </span>
                    </label>
                     
                  </div>
                  <div
                    className="pf-c-form__group-control"
                  >
                    <TextInput
                      autoComplete="off"
                      autoFocus={true}
                      id="email"
                      isRequired={true}
                      name="email"
                      onChange={[Function]}
                      type="email"
                      validated="default"
                      value=""
                    >
                      <TextInputBase
                        aria-label={null}
                        autoComplete="off"
                        autoFocus={true}
                        className=""
                        id="email"
                        innerRef={null}
                        isDisabled={false}
                        isIconSprite={false}
                        isLeftTruncated={false}
                        isReadOnly={false}
                        isRequired={true}
                        name="email"
                        onChange={[Function]}
                        ouiaSafe={true}
                        type="email"
                        validated="default"
                        value=""
                      >
                        <input
                          aria-invalid={false}
                          aria-label={null}
                          autoComplete="off"
                          autoFocus={true}
                          className="pf-c-form-control"
                          data-ouia-component-id="OUIA-Generated-TextInputBase-1"
                          data-ouia-component-type="PF4/TextInput"
                          data-ouia-safe={true}
                          disabled={false}
                          id="email"
                          name="email"
                          onBlur={[Function]}
                          onChange={[Function]}
                          onFocus={[Function]}
                          required={true}
                          type="email"
                          value=""
                        />
                      </TextInputBase>
                    </TextInput>
                  </div>
                </div>
              </GenerateId>
            </FormGroup>
          </FormGroup>
        </EmailField>
        <ActionGroup>
          <div
            className="pf-c-form__group pf-m-action"
          >
            <div
              className="pf-c-form__group-control"
            >
              <div
                className="pf-c-form__actions"
              >
                <Button
                  className="pf-c-button pf-m-primary pf-m-block"
                  isDisabled={true}
                  type="submit"
                >
                  <ButtonBase
                    className="pf-c-button pf-m-primary pf-m-block"
                    innerRef={null}
                    isDisabled={true}
                    type="submit"
                  >
                    <button
                      aria-disabled={true}
                      aria-label={null}
                      className="pf-c-button pf-m-primary pf-m-disabled pf-c-button pf-m-primary pf-m-block"
                      data-ouia-component-id="OUIA-Generated-Button-primary-1"
                      data-ouia-component-type="PF4/Button"
                      data-ouia-safe={true}
                      disabled={true}
                      role={null}
                      tabIndex={null}
                      type="submit"
                    >
                      Reset password
                    </button>
                  </ButtonBase>
                </Button>
                <a
                  href="login-path"
                >
                  Sign in
                </a>
              </div>
            </div>
          </div>
        </ActionGroup>
      </form>
    </FormBase>
  </Form>
</RequestPasswordForm>
`;
