// Jest Snapshot v1, https://goo.gl/fbAQLP

exports[`should render props 1`] = `null`;
