// Jest Snapshot v1, https://goo.gl/fbAQLP

exports[`should render properly when closed 1`] = `
<div
  class="pf-c-dropdown"
  data-ouia-component-id="0"
  data-ouia-component-type="PF4/Dropdown"
  data-ouia-safe="true"
  id="data-list-bulk-actions-dropdown"
>
  <button
    aria-expanded="false"
    aria-haspopup="true"
    class="pf-c-dropdown__toggle pf-m-primary"
    id="pf-toggle-id-0"
    type="button"
  >
    <span
      class="pf-c-dropdown__toggle-text"
    >
      bulk_actions.title
    </span>
    <span
      class="pf-c-dropdown__toggle-icon"
    >
      <svg
        aria-hidden="true"
        fill="currentColor"
        height="1em"
        role="img"
        style="vertical-align: -0.125em;"
        viewBox="0 0 320 512"
        width="1em"
      >
        <path
          d="M31.3 192h257.3c17.8 0 26.7 21.5 14.1 34.1L174.1 354.8c-7.8 7.8-20.5 7.8-28.3 0L17.2 226.1C4.6 213.5 13.5 192 31.3 192z"
          transform=""
        />
      </svg>
    </span>
  </button>
</div>
`;
