// Jest Snapshot v1, https://goo.gl/fbAQLP

exports[`should render itself 1`] = `
<RequestPasswordForm
  flashMessages={[]}
  providerLoginPath="login-path"
  providerPasswordPath="password-path"
>
  <Form
    acceptCharset="UTF-8"
    action="password-path"
    id="request_password"
    method="post"
    noValidate={true}
  >
    <FormBase
      acceptCharset="UTF-8"
      action="password-path"
      id="request_password"
      innerRef={null}
      method="post"
      noValidate={true}
    >
      <form
        acceptCharset="UTF-8"
        action="password-path"
        className="pf-c-form"
        id="request_password"
        method="post"
        noValidate={true}
      >
        <LoginAlert>
          <Alert
            className="invisible"
            isInline={true}
            variant="default"
          >
            <div
              aria-label="Default Alert"
              className="pf-c-alert pf-m-inline invisible"
              data-ouia-component-id="OUIA-Generated-Alert-default-1"
              data-ouia-component-type="PF4/Alert"
              data-ouia-safe={true}
              onMouseEnter={[Function]}
              onMouseLeave={[Function]}
            >
              <AlertIcon
                variant="default"
              >
                <div
                  className="pf-c-alert__icon"
                >
                  <BellIcon
                    color="currentColor"
                    noVerticalAlign={false}
                    size="sm"
                  >
                    <svg
                      aria-hidden={true}
                      aria-labelledby={null}
                      fill="currentColor"
                      height="1em"
                      role="img"
                      style={
                        {
                          "verticalAlign": "-0.125em",
                        }
                      }
                      viewBox="0 0 896 1024"
                      width="1em"
                    >
                      <path
                        d="M448,0 C465.333333,0 480.333333,6.33333333 493,19 C505.666667,31.6666667 512,46.6666667 512,64 L512,106 L514.23,106.45 C587.89,121.39 648.48,157.24 696,214 C744,271.333333 768,338.666667 768,416 C768,500 780,568.666667 804,622 C818.666667,652.666667 841.333333,684 872,716 C873.773676,718.829136 875.780658,721.505113 878,724 C890,737.333333 896,752.333333 896,769 C896,785.666667 890,800.333333 878,813 C866,825.666667 850.666667,832 832,832 L63.3,832 C44.9533333,831.84 29.8533333,825.506667 18,813 C6,800.333333 0,785.666667 0,769 C0,752.333333 6,737.333333 18,724 L24,716 L25.06,714.9 C55.1933333,683.28 77.5066667,652.313333 92,622 C116,568.666667 128,500 128,416 C128,338.666667 152,271.333333 200,214 C248,156.666667 309.333333,120.666667 384,106 L384,63.31 C384.166667,46.27 390.5,31.5 403,19 C415.666667,6.33333333 430.666667,0 448,0 Z M576,896 L576,897.08 C575.74,932.6 563.073333,962.573333 538,987 C512.666667,1011.66667 482.666667,1024 448,1024 C413.333333,1024 383.333333,1011.66667 358,987 C332.666667,962.333333 320,932 320,896 L576,896 Z"
                      />
                    </svg>
                  </BellIcon>
                </div>
              </AlertIcon>
              <h4
                className="pf-c-alert__title"
              >
                <span
                  className="pf-u-screen-reader"
                >
                  Default alert:
                </span>
              </h4>
            </div>
          </Alert>
        </LoginAlert>
        <input
          name="utf8"
          type="hidden"
          value="âœ“"
        />
        <input
          name="_method"
          type="hidden"
          value="delete"
        />
        <CSRFToken>
          <input
            name="mocked-csrf-param"
            type="hidden"
            value="mocked-csrf-token"
          />
        </CSRFToken>
        <FormGroup
          autoComplete="off"
          fieldId="email"
          helperTextInvalid="A valid email address is mandatory"
          isRequired={true}
          label="Email address"
          validated="default"
        >
          <GenerateId
            prefix="pf-random-id-"
          >
            <div
              autoComplete="off"
              className="pf-c-form__group"
            >
              <div
                className="pf-c-form__group-label"
              >
                <label
                  className="pf-c-form__label"
                  htmlFor="email"
                >
                  <span
                    className="pf-c-form__label-text"
                  >
                    Email address
                  </span>
                  <span
                    aria-hidden="true"
                    className="pf-c-form__label-required"
                  >
                     
                    *
                  </span>
                </label>
                 
              </div>
              <div
                className="pf-c-form__group-control"
              >
                <TextInput
                  autoComplete="off"
                  autoFocus={true}
                  id="email"
                  isRequired={true}
                  name="email"
                  onBlur={[Function]}
                  onChange={[Function]}
                  type="email"
                  validated="default"
                  value=""
                >
                  <TextInputBase
                    aria-label={null}
                    autoComplete="off"
                    autoFocus={true}
                    className=""
                    id="email"
                    innerRef={null}
                    isDisabled={false}
                    isIconSprite={false}
                    isLeftTruncated={false}
                    isReadOnly={false}
                    isRequired={true}
                    name="email"
                    onBlur={[Function]}
                    onChange={[Function]}
                    ouiaSafe={true}
                    type="email"
                    validated="default"
                    value=""
                  >
                    <input
                      aria-invalid={false}
                      aria-label={null}
                      autoComplete="off"
                      autoFocus={true}
                      className="pf-c-form-control"
                      data-ouia-component-id="OUIA-Generated-TextInputBase-1"
                      data-ouia-component-type="PF4/TextInput"
                      data-ouia-safe={true}
                      disabled={false}
                      id="email"
                      name="email"
                      onBlur={[Function]}
                      onChange={[Function]}
                      onFocus={[Function]}
                      required={true}
                      type="email"
                      value=""
                    />
                  </TextInputBase>
                </TextInput>
              </div>
            </div>
          </GenerateId>
        </FormGroup>
        <ActionGroup>
          <div
            className="pf-c-form__group pf-m-action"
          >
            <div
              className="pf-c-form__group-control"
            >
              <div
                className="pf-c-form__actions"
              >
                <Button
                  isBlock={true}
                  isDisabled={true}
                  type="submit"
                  variant="primary"
                >
                  <ButtonBase
                    innerRef={null}
                    isBlock={true}
                    isDisabled={true}
                    type="submit"
                    variant="primary"
                  >
                    <button
                      aria-disabled={true}
                      aria-label={null}
                      className="pf-c-button pf-m-primary pf-m-block pf-m-disabled"
                      data-ouia-component-id="OUIA-Generated-Button-primary-1"
                      data-ouia-component-type="PF4/Button"
                      data-ouia-safe={true}
                      disabled={true}
                      role={null}
                      tabIndex={null}
                      type="submit"
                    >
                      Reset password
                    </button>
                  </ButtonBase>
                </Button>
                <Button
                  component="a"
                  href="login-path"
                  isBlock={true}
                  onMouseDown={[Function]}
                  variant="link"
                >
                  <ButtonBase
                    component="a"
                    href="login-path"
                    innerRef={null}
                    isBlock={true}
                    onMouseDown={[Function]}
                    variant="link"
                  >
                    <a
                      aria-disabled={false}
                      aria-label={null}
                      className="pf-c-button pf-m-link pf-m-block"
                      data-ouia-component-id="OUIA-Generated-Button-link-1"
                      data-ouia-component-type="PF4/Button"
                      data-ouia-safe={true}
                      disabled={null}
                      href="login-path"
                      onMouseDown={[Function]}
                      role={null}
                      type={null}
                    >
                      Sign in
                    </a>
                  </ButtonBase>
                </Button>
              </div>
            </div>
          </div>
        </ActionGroup>
      </form>
    </FormBase>
  </Form>
</RequestPasswordForm>
`;
