// Jest Snapshot v1, https://goo.gl/fbAQLP

exports[`should render correctly 1`] = `
<SelectGroup
  catalog={
    {
      "massive_attack": "Massive Attack",
      "nick_cave": "Nick Cave",
      "tame_impala": "Tame Impala",
      "the_libertines": "The Libertines",
    }
  }
  hint="Pick your favourite"
  label="Jukebox"
  name="jukebox"
  value="nick_cave"
>
  <FormGroup
    fieldId="service_proxy_attributes_jukebox_select"
    helperText="Pick your favourite"
    label="Jukebox"
  >
    <GenerateId
      prefix="pf-random-id-"
    >
      <div
        className="pf-c-form__group"
      >
        <div
          className="pf-c-form__group-label"
        >
          <label
            className="pf-c-form__label"
            htmlFor="service_proxy_attributes_jukebox_select"
          >
            <span
              className="pf-c-form__label-text"
            >
              Jukebox
            </span>
          </label>
           
        </div>
        <div
          className="pf-c-form__group-control"
        >
          <input
            name="service[proxy_attributes][jukebox]"
            type="hidden"
            value="nick_cave"
          />
          <Select
            aria-describedby=""
            aria-invalid={false}
            aria-label=""
            aria-labelledby=""
            chipGroupComponent={null}
            className=""
            clearSelectionsAriaLabel="Clear all"
            createText="Create"
            customBadgeText={null}
            customContent={null}
            direction="down"
            favorites={[]}
            favoritesLabel="Favorites"
            hasInlineFilter={false}
            hasPlaceholderStyle={false}
            id="service_proxy_attributes_jukebox_select"
            inlineFilterPlaceholderText={null}
            inputAutoComplete="off"
            inputIdPrefix=""
            isCreatable={false}
            isCreateOptionOnTop={false}
            isCreateSelectOptionObject={false}
            isDisabled={false}
            isFlipEnabled={true}
            isGrouped={false}
            isInputFilterPersisted={false}
            isInputValuePersisted={false}
            isOpen={false}
            isPlain={false}
            menuAppendTo="inline"
            noResultsFoundText="No results found"
            onClear={[Function]}
            onCreateOption={[Function]}
            onFilter={null}
            onSelect={[Function]}
            onToggle={[Function]}
            onTypeaheadInputChanged={null}
            ouiaSafe={true}
            placeholderText=""
            position="left"
            removeFindDomNode={false}
            removeSelectionAriaLabel="Remove"
            selections="Nick Cave"
            shouldResetOnSelect={true}
            toggleAriaLabel="Options menu"
            toggleIcon={null}
            toggleId={null}
            toggleIndicator={null}
            typeAheadAriaDescribedby=""
            typeAheadAriaLabel=""
            validated="default"
            variant="single"
            width=""
            zIndex={9999}
          >
            <GenerateId
              prefix="pf-random-id-"
            >
              <div
                className="pf-c-select"
                data-ouia-component-id="OUIA-Generated-Select-single-1"
                data-ouia-component-type="PF4/Select"
                data-ouia-safe={true}
              >
                <ForwardRef
                  aria-label="Options menu"
                  aria-labelledby=" pf-select-toggle-id-0"
                  handleTypeaheadKeys={[Function]}
                  hasClearButton={false}
                  hasFooter={false}
                  hasPlaceholderStyle={false}
                  id="pf-select-toggle-id-0"
                  isDisabled={false}
                  isOpen={false}
                  isPlain={false}
                  menuRef={
                    {
                      "current": null,
                    }
                  }
                  moveFocusToLastMenuItem={[Function]}
                  onClickTypeaheadToggleButton={[Function]}
                  onClose={[Function]}
                  onEnter={[Function]}
                  onToggle={[Function]}
                  parentRef={
                    {
                      "current": <div
                        class="pf-c-select"
                        data-ouia-component-id="OUIA-Generated-Select-single-1"
                        data-ouia-component-type="PF4/Select"
                        data-ouia-safe="true"
                      >
                        <button
                          aria-expanded="false"
                          aria-haspopup="listbox"
                          aria-label="Options menu"
                          aria-labelledby=" pf-select-toggle-id-0"
                          class="pf-c-select__toggle"
                          id="pf-select-toggle-id-0"
                          type="button"
                        >
                          <div
                            class="pf-c-select__toggle-wrapper"
                          >
                            <span
                              class="pf-c-select__toggle-text"
                            >
                              Nick Cave
                            </span>
                          </div>
                          <span
                            class="pf-c-select__toggle-arrow"
                          >
                            <svg
                              aria-hidden="true"
                              fill="currentColor"
                              height="1em"
                              role="img"
                              style="vertical-align: -0.125em;"
                              viewBox="0 0 320 512"
                              width="1em"
                            >
                              <path
                                d="M31.3 192h257.3c17.8 0 26.7 21.5 14.1 34.1L174.1 354.8c-7.8 7.8-20.5 7.8-28.3 0L17.2 226.1C4.6 213.5 13.5 192 31.3 192z"
                              />
                            </svg>
                          </span>
                        </button>
                      </div>,
                    }
                  }
                  toggleIndicator={null}
                  variant="single"
                >
                  <SelectToggle
                    aria-label="Options menu"
                    aria-labelledby=" pf-select-toggle-id-0"
                    className=""
                    handleTypeaheadKeys={[Function]}
                    hasClearButton={false}
                    hasFooter={false}
                    hasPlaceholderStyle={false}
                    id="pf-select-toggle-id-0"
                    innerRef={null}
                    isActive={false}
                    isDisabled={false}
                    isOpen={false}
                    isPlain={false}
                    menuRef={
                      {
                        "current": null,
                      }
                    }
                    moveFocusToLastMenuItem={[Function]}
                    onClickTypeaheadToggleButton={[Function]}
                    onClose={[Function]}
                    onEnter={[Function]}
                    onToggle={[Function]}
                    parentRef={
                      {
                        "current": <div
                          class="pf-c-select"
                          data-ouia-component-id="OUIA-Generated-Select-single-1"
                          data-ouia-component-type="PF4/Select"
                          data-ouia-safe="true"
                        >
                          <button
                            aria-expanded="false"
                            aria-haspopup="listbox"
                            aria-label="Options menu"
                            aria-labelledby=" pf-select-toggle-id-0"
                            class="pf-c-select__toggle"
                            id="pf-select-toggle-id-0"
                            type="button"
                          >
                            <div
                              class="pf-c-select__toggle-wrapper"
                            >
                              <span
                                class="pf-c-select__toggle-text"
                              >
                                Nick Cave
                              </span>
                            </div>
                            <span
                              class="pf-c-select__toggle-arrow"
                            >
                              <svg
                                aria-hidden="true"
                                fill="currentColor"
                                height="1em"
                                role="img"
                                style="vertical-align: -0.125em;"
                                viewBox="0 0 320 512"
                                width="1em"
                              >
                                <path
                                  d="M31.3 192h257.3c17.8 0 26.7 21.5 14.1 34.1L174.1 354.8c-7.8 7.8-20.5 7.8-28.3 0L17.2 226.1C4.6 213.5 13.5 192 31.3 192z"
                                />
                              </svg>
                            </span>
                          </button>
                        </div>,
                      }
                    }
                    toggleIndicator={null}
                    type="button"
                    variant="single"
                  >
                    <button
                      aria-expanded={false}
                      aria-haspopup="listbox"
                      aria-label="Options menu"
                      aria-labelledby=" pf-select-toggle-id-0"
                      className="pf-c-select__toggle"
                      disabled={false}
                      id="pf-select-toggle-id-0"
                      onClick={[Function]}
                      onKeyDown={[Function]}
                      type="button"
                    >
                      <div
                        className="pf-c-select__toggle-wrapper"
                      >
                        <span
                          className="pf-c-select__toggle-text"
                        >
                          Nick Cave
                        </span>
                      </div>
                      <span
                        className="pf-c-select__toggle-arrow"
                      >
                        <CaretDownIcon
                          color="currentColor"
                          noVerticalAlign={false}
                          size="sm"
                        >
                          <svg
                            aria-hidden={true}
                            aria-labelledby={null}
                            fill="currentColor"
                            height="1em"
                            role="img"
                            style={
                              {
                                "verticalAlign": "-0.125em",
                              }
                            }
                            viewBox="0 0 320 512"
                            width="1em"
                          >
                            <path
                              d="M31.3 192h257.3c17.8 0 26.7 21.5 14.1 34.1L174.1 354.8c-7.8 7.8-20.5 7.8-28.3 0L17.2 226.1C4.6 213.5 13.5 192 31.3 192z"
                            />
                          </svg>
                        </CaretDownIcon>
                      </span>
                    </button>
                  </SelectToggle>
                </ForwardRef>
              </div>
            </GenerateId>
          </Select>
          <div
            aria-live="polite"
            className="pf-c-form__helper-text"
            id="service_proxy_attributes_jukebox_select-helper"
          >
            Pick your favourite
          </div>
        </div>
      </div>
    </GenerateId>
  </FormGroup>
</SelectGroup>
`;
